[themewagon.github.io/petsitting/index.html]
[backblue.gif]
[fade.gif]
[index.html]
[stackpath.bootstrapcdn.com/font-awesome/4.7.0/css/font-awesome.min.css]
[themewagon.github.io/petsitting/css/animate.css]
[themewagon.github.io/petsitting/css/owl.carousel.min.css]
[themewagon.github.io/petsitting/css/owl.theme.default.min.css]
[themewagon.github.io/petsitting/css/magnific-popup.css]
[themewagon.github.io/petsitting/css/bootstrap-datepicker.css]
[themewagon.github.io/petsitting/css/jquery.timepicker.css]
[themewagon.github.io/petsitting/css/flaticon.css]
[themewagon.github.io/petsitting/css/style.css]
[themewagon.github.io/petsitting/index-2.html]
[themewagon.github.io/petsitting/about.html]
[themewagon.github.io/petsitting/vet.html]
[themewagon.github.io/petsitting/services.html]
[themewagon.github.io/petsitting/gallery.html]
[themewagon.github.io/petsitting/pricing.html]
[themewagon.github.io/petsitting/blog.html]
[themewagon.github.io/petsitting/contact.html]
[themewagon.github.io/petsitting/images/bg_1.jpg]
[themewagon.github.io/petsitting/images/about-1.jpg]
[themewagon.github.io/petsitting/images/about.jpg]
[themewagon.github.io/petsitting/images/about-2.jpg]
[themewagon.github.io/petsitting/images/about-3.jpg]
[themewagon.github.io/petsitting/images/bg_2.jpg]
[themewagon.github.io/petsitting/images/person_1.jpg]
[themewagon.github.io/petsitting/images/person_2.jpg]
[themewagon.github.io/petsitting/images/person_3.jpg]
[themewagon.github.io/petsitting/images/pricing-1.jpg]
[themewagon.github.io/petsitting/images/pricing-2.jpg]
[themewagon.github.io/petsitting/images/pricing-3.jpg]
[themewagon.github.io/petsitting/images/gallery-1.jpg]
[themewagon.github.io/petsitting/work-single.html]
[themewagon.github.io/petsitting/images/gallery-2.jpg]
[themewagon.github.io/petsitting/images/gallery-3.jpg]
[themewagon.github.io/petsitting/images/gallery-4.jpg]
[themewagon.github.io/petsitting/images/gallery-5.jpg]
[themewagon.github.io/petsitting/images/gallery-6.jpg]
[themewagon.github.io/petsitting/blog-single.html]
[themewagon.github.io/petsitting/images/image_1.jpg]
[themewagon.github.io/petsitting/images/image_2.jpg]
[themewagon.github.io/petsitting/images/image_3.jpg]
[themewagon.github.io/petsitting/images/bg_3.jpg]
[themewagon.github.io/petsitting/js/jquery.min.js]
[themewagon.github.io/petsitting/js/jquery-migrate-3.0.1.min.js]
[themewagon.github.io/petsitting/js/popper.min.js]
[themewagon.github.io/petsitting/js/bootstrap.min.js]
[themewagon.github.io/petsitting/js/jquery.easing.1.3.js]
[themewagon.github.io/petsitting/js/jquery.waypoints.min.js]
[themewagon.github.io/petsitting/js/jquery.stellar.min.js]
[themewagon.github.io/petsitting/js/jquery.animateNumber.min.js]
[themewagon.github.io/petsitting/js/bootstrap-datepicker.js]
[themewagon.github.io/petsitting/js/jquery.timepicker.min.js]
[themewagon.github.io/petsitting/js/owl.carousel.min.js]
[themewagon.github.io/petsitting/js/jquery.magnific-popup.min.js]
[themewagon.github.io/petsitting/js/scrollax.min.js]
[themewagon.github.io/petsitting/js/google-map.js]
[themewagon.github.io/petsitting/js/main.js]
[themewagon.github.io/petsitting/index.html]
[stackpath.bootstrapcdn.com/font-awesome/4.7.0/css/font-awesome.min.css]
[themewagon.github.io/petsitting/css/animate.css]
[themewagon.github.io/petsitting/css/owl.video.play.png]
[themewagon.github.io/petsitting/css/owl.carousel.min.css]
[themewagon.github.io/petsitting/css/owl.theme.default.min.css]
[themewagon.github.io/petsitting/css/magnific-popup.css]
[themewagon.github.io/petsitting/css/bootstrap-datepicker.css]
[themewagon.github.io/petsitting/css/jquery.timepicker.css]
[themewagon.github.io/petsitting/fonts/flaticon/font/Flaticon.eot]
[themewagon.github.io/petsitting/fonts/flaticon/font/Flaticond41d.eot]
[themewagon.github.io/petsitting/fonts/flaticon/font/Flaticon.woff]
[themewagon.github.io/petsitting/fonts/flaticon/font/Flaticon.ttf]
[themewagon.github.io/petsitting/css/flaticon.css]
[themewagon.github.io/petsitting/fonts/flaticon/font/Flaticon.svg]
[themewagon.github.io/petsitting/css/style.css]
[themewagon.github.io/petsitting/index-2.html]
[themewagon.github.io/petsitting/about.html]
[themewagon.github.io/petsitting/images/staff-1.jpg]
[themewagon.github.io/petsitting/images/staff-2.jpg]
[themewagon.github.io/petsitting/images/staff-3.jpg]
[themewagon.github.io/petsitting/images/staff-4.jpg]
[themewagon.github.io/petsitting/images/staff-5.jpg]
[themewagon.github.io/petsitting/images/staff-6.jpg]
[themewagon.github.io/petsitting/images/staff-7.jpg]
[themewagon.github.io/petsitting/images/staff-8.jpg]
[themewagon.github.io/petsitting/vet.html]
[themewagon.github.io/petsitting/services.html]
[themewagon.github.io/petsitting/images/gallery-7.jpg]
[themewagon.github.io/petsitting/images/gallery-8.jpg]
[themewagon.github.io/petsitting/images/gallery-9.jpg]
[themewagon.github.io/petsitting/gallery.html]
[themewagon.github.io/petsitting/pricing.html]
[themewagon.github.io/petsitting/images/image_4.jpg]
[themewagon.github.io/petsitting/images/image_5.jpg]
[themewagon.github.io/petsitting/images/image_6.jpg]
[themewagon.github.io/petsitting/blog.html]
[themewagon.github.io/petsitting/images/img.jpg]
[themewagon.github.io/petsitting/contact.html]
[themewagon.github.io/petsitting/work-single.html]
[themewagon.github.io/petsitting/blog-single.html]
[themewagon.github.io/petsitting/css/owl.video.play.html]
[themewagon.github.io/petsitting/fonts/flaticon/font/Flaticon.svg]
[themewagon.github.io/petsitting/images/gallery-8.html]
[themewagon.github.io/petsitting/images/gallery-9.html]
